Archive member included to satisfy reference by file (symbol)

c:/program files (x86)/atmel/studio/7.0/toolchain/avr8/avr8-gnu-toolchain/bin/../lib/gcc/avr/5.4.0/avr51\libgcc.a(_udivmodhi4.o)
                              adc/adc.o (__udivmodhi4)
c:/program files (x86)/atmel/studio/7.0/toolchain/avr8/avr8-gnu-toolchain/bin/../lib/gcc/avr/5.4.0/avr51\libgcc.a(_udivmodsi4.o)
                              ultrasonic/ultrasonic.o (__udivmodsi4)
c:/program files (x86)/atmel/studio/7.0/toolchain/avr8/avr8-gnu-toolchain/bin/../lib/gcc/avr/5.4.0/avr51\libgcc.a(_exit.o)
                              C:/Program Files (x86)/Atmel/Studio/7.0/Packs/atmel/ATmega_DFP/1.7.374/gcc/dev/atmega128a/avr51/crtatmega128a.o (exit)
c:/program files (x86)/atmel/studio/7.0/toolchain/avr8/avr8-gnu-toolchain/bin/../lib/gcc/avr/5.4.0/avr51\libgcc.a(_tablejump2.o)
                              motor/motor.o (__tablejump2__)
c:/program files (x86)/atmel/studio/7.0/toolchain/avr8/avr8-gnu-toolchain/bin/../lib/gcc/avr/5.4.0/avr51\libgcc.a(_copy_data.o)
                              display/distance/distance.o (__do_copy_data)
c:/program files (x86)/atmel/studio/7.0/toolchain/avr8/avr8-gnu-toolchain/bin/../lib/gcc/avr/5.4.0/avr51\libgcc.a(_clear_bss.o)
                              autoDrive/autoDrive.o (__do_clear_bss)
c:/program files (x86)/atmel/studio/7.0/toolchain/avr8/avr8-gnu-toolchain/bin/../lib/gcc/avr/5.4.0/avr51\libgcc.a(_umulhisi3.o)
                              ultrasonic/ultrasonic.o (__umulhisi3)
c:/program files (x86)/atmel/studio/7.0/toolchain/avr8/avr8-gnu-toolchain/bin/../lib/gcc/avr/5.4.0/../../../../avr/lib/avr51\libc.a(memcmp.o)
                              display/cardDB/cardDB.o (memcmp)
c:/program files (x86)/atmel/studio/7.0/toolchain/avr8/avr8-gnu-toolchain/bin/../lib/gcc/avr/5.4.0/../../../../avr/lib/avr51\libc.a(strcpy.o)
                              display/request/request.o (strcpy)
c:/program files (x86)/atmel/studio/7.0/toolchain/avr8/avr8-gnu-toolchain/bin/../lib/gcc/avr/5.4.0/../../../../avr/lib/avr51\libc.a(strncmp.o)
                              display/request/request.o (strncmp)

Allocating common symbols
Common symbol       size              file

Tim2_counter        0x2               main.o
AlcoholFlag         0x1               main.o
strBuff             0x1e              display/request/request.o
AutoDrivingMode     0x1               main.o
AlcoholValue        0x2               main.o
runningMode         0x1               main.o
cm                  0x6               autoDrive/autoDrive.o
btnMode             0x6               display/response/response.o
RfidFlag            0x1               main.o

Discarded input sections

 .data          0x00000000        0x0 C:/Program Files (x86)/Atmel/Studio/7.0/Packs/atmel/ATmega_DFP/1.7.374/gcc/dev/atmega128a/avr51/crtatmega128a.o
 .bss           0x00000000        0x0 C:/Program Files (x86)/Atmel/Studio/7.0/Packs/atmel/ATmega_DFP/1.7.374/gcc/dev/atmega128a/avr51/crtatmega128a.o
 .text          0x00000000        0x0 adc/adc.o
 .data          0x00000000        0x0 adc/adc.o
 .bss           0x00000000        0x0 adc/adc.o
 .text          0x00000000        0x0 autoDrive/autoDrive.o
 .data          0x00000000        0x0 autoDrive/autoDrive.o
 .bss           0x00000000        0x0 autoDrive/autoDrive.o
 .text          0x00000000        0x0 bluetooth/bluetooth.o
 .data          0x00000000        0x0 bluetooth/bluetooth.o
 .bss           0x00000000        0x0 bluetooth/bluetooth.o
 .text.UARTputs
                0x00000000       0x18 bluetooth/bluetooth.o
 .text          0x00000000        0x0 button/button.o
 .data          0x00000000        0x0 button/button.o
 .bss           0x00000000        0x0 button/button.o
 .text          0x00000000        0x0 buzzer/buzzer.o
 .data          0x00000000        0x0 buzzer/buzzer.o
 .bss           0x00000000        0x0 buzzer/buzzer.o
 .text          0x00000000        0x0 display/add/add.o
 .data          0x00000000        0x0 display/add/add.o
 .bss           0x00000000        0x0 display/add/add.o
 .text          0x00000000        0x0 display/cardDB/cardDB.o
 .data          0x00000000        0x0 display/cardDB/cardDB.o
 .bss           0x00000000        0x0 display/cardDB/cardDB.o
 .text          0x00000000        0x0 display/delete/delete.o
 .data          0x00000000        0x0 display/delete/delete.o
 .bss           0x00000000        0x0 display/delete/delete.o
 .text          0x00000000        0x0 display/distance/distance.o
 .data          0x00000000        0x0 display/distance/distance.o
 .bss           0x00000000        0x0 display/distance/distance.o
 .text          0x00000000        0x0 display/request/request.o
 .data          0x00000000        0x0 display/request/request.o
 .bss           0x00000000        0x0 display/request/request.o
 .text          0x00000000        0x0 display/response/response.o
 .data          0x00000000        0x0 display/response/response.o
 .bss           0x00000000        0x0 display/response/response.o
 .text          0x00000000        0x0 display/verifyState/verifyState.o
 .data          0x00000000        0x0 display/verifyState/verifyState.o
 .bss           0x00000000        0x0 display/verifyState/verifyState.o
 .text          0x00000000        0x0 display/verify/verify.o
 .data          0x00000000        0x0 display/verify/verify.o
 .bss           0x00000000        0x0 display/verify/verify.o
 .text          0x00000000        0x0 lcd/i2c.o
 .data          0x00000000        0x0 lcd/i2c.o
 .bss           0x00000000        0x0 lcd/i2c.o
 .text.I2C_txDevAddr
                0x00000000        0x4 lcd/i2c.o
 .text.I2C_stop
                0x00000000        0x8 lcd/i2c.o
 .text          0x00000000        0x0 lcd/lcd.o
 .data          0x00000000        0x0 lcd/lcd.o
 .bss           0x00000000        0x0 lcd/lcd.o
 .text.LCD_sendToI2C
                0x00000000        0x4 lcd/lcd.o
 .text.LCD_displayOff
                0x00000000        0x6 lcd/lcd.o
 .text.LCD_displayOn
                0x00000000        0x6 lcd/lcd.o
 .text.LCD_backLightOff
                0x00000000       0x10 lcd/lcd.o
 .text          0x00000000        0x0 led/led.o
 .data          0x00000000        0x0 led/led.o
 .bss           0x00000000        0x0 led/led.o
 .text          0x00000000        0x0 main.o
 .data          0x00000000        0x0 main.o
 .bss           0x00000000        0x0 main.o
 .text          0x00000000        0x0 mfrc522/device/mfrc522.o
 .data          0x00000000        0x0 mfrc522/device/mfrc522.o
 .bss           0x00000000        0x0 mfrc522/device/mfrc522.o
 .text          0x00000000        0x0 mfrc522/spi/spi.o
 .data          0x00000000        0x0 mfrc522/spi/spi.o
 .bss           0x00000000        0x0 mfrc522/spi/spi.o
 .text          0x00000000        0x0 motor/motor.o
 .data          0x00000000        0x0 motor/motor.o
 .bss           0x00000000        0x0 motor/motor.o
 .text.motorRight
                0x00000000        0xa motor/motor.o
 .text.motorLeft
                0x00000000        0xa motor/motor.o
 .text          0x00000000        0x0 timer/timer.o
 .data          0x00000000        0x0 timer/timer.o
 .bss           0x00000000        0x0 timer/timer.o
 .text          0x00000000        0x0 timetick/timetick.o
 .data          0x00000000        0x0 timetick/timetick.o
 .bss           0x00000000        0x0 timetick/timetick.o
 .text.clearTick
                0x00000000       0x12 timetick/timetick.o
 .text          0x00000000        0x0 ultrasonic/ultrasonic.o
 .data          0x00000000        0x0 ultrasonic/ultrasonic.o
 .bss           0x00000000        0x0 ultrasonic/ultrasonic.o
 .text          0x00000000        0x0 c:/program files (x86)/atmel/studio/7.0/toolchain/avr8/avr8-gnu-toolchain/bin/../lib/gcc/avr/5.4.0/avr51\libgcc.a(_udivmodhi4.o)
 .data          0x00000000        0x0 c:/program files (x86)/atmel/studio/7.0/toolchain/avr8/avr8-gnu-toolchain/bin/../lib/gcc/avr/5.4.0/avr51\libgcc.a(_udivmodhi4.o)
 .bss           0x00000000        0x0 c:/program files (x86)/atmel/studio/7.0/toolchain/avr8/avr8-gnu-toolchain/bin/../lib/gcc/avr/5.4.0/avr51\libgcc.a(_udivmodhi4.o)
 .text.libgcc.mul
                0x00000000        0x0 c:/program files (x86)/atmel/studio/7.0/toolchain/avr8/avr8-gnu-toolchain/bin/../lib/gcc/avr/5.4.0/avr51\libgcc.a(_udivmodhi4.o)
 .text.libgcc   0x00000000        0x0 c:/program files (x86)/atmel/studio/7.0/toolchain/avr8/avr8-gnu-toolchain/bin/../lib/gcc/avr/5.4.0/avr51\libgcc.a(_udivmodhi4.o)
 .text.libgcc.prologue
                0x00000000        0x0 c:/program files (x86)/atmel/studio/7.0/toolchain/avr8/avr8-gnu-toolchain/bin/../lib/gcc/avr/5.4.0/avr51\libgcc.a(_udivmodhi4.o)
 .text.libgcc.builtins
                0x00000000        0x0 c:/program files (x86)/atmel/studio/7.0/toolchain/avr8/avr8-gnu-toolchain/bin/../lib/gcc/avr/5.4.0/avr51\libgcc.a(_udivmodhi4.o)
 .text.libgcc.fmul
                0x00000000        0x0 c:/program files (x86)/atmel/studio/7.0/toolchain/avr8/avr8-gnu-toolchain/bin/../lib/gcc/avr/5.4.0/avr51\libgcc.a(_udivmodhi4.o)
 .text.libgcc.fixed
                0x00000000        0x0 c:/program files (x86)/atmel/studio/7.0/toolchain/avr8/avr8-gnu-toolchain/bin/../lib/gcc/avr/5.4.0/avr51\libgcc.a(_udivmodhi4.o)
 .text          0x00000000        0x0 c:/program files (x86)/atmel/studio/7.0/toolchain/avr8/avr8-gnu-toolchain/bin/../lib/gcc/avr/5.4.0/avr51\libgcc.a(_udivmodsi4.o)
 .data          0x00000000        0x0 c:/program files (x86)/atmel/studio/7.0/toolchain/avr8/avr8-gnu-toolchain/bin/../lib/gcc/avr/5.4.0/avr51\libgcc.a(_udivmodsi4.o)
 .bss           0x00000000        0x0 c:/program files (x86)/atmel/studio/7.0/toolchain/avr8/avr8-gnu-toolchain/bin/../lib/gcc/avr/5.4.0/avr51\libgcc.a(_udivmodsi4.o)
 .text.libgcc.mul
                0x00000000        0x0 c:/program files (x86)/atmel/studio/7.0/toolchain/avr8/avr8-gnu-toolchain/bin/../lib/gcc/avr/5.4.0/avr51\libgcc.a(_udivmodsi4.o)
 .text.libgcc   0x00000000        0x0 c:/program files (x86)/atmel/studio/7.0/toolchain/avr8/avr8-gnu-toolchain/bin/../lib/gcc/avr/5.4.0/avr51\libgcc.a(_udivmodsi4.o)
 .text.libgcc.prologue
                0x00000000        0x0 c:/program files (x86)/atmel/studio/7.0/toolchain/avr8/avr8-gnu-toolchain/bin/../lib/gcc/avr/5.4.0/avr51\libgcc.a(_udivmodsi4.o)
 .text.libgcc.builtins
                0x00000000        0x0 c:/program files (x86)/atmel/studio/7.0/toolchain/avr8/avr8-gnu-toolchain/bin/../lib/gcc/avr/5.4.0/avr51\libgcc.a(_udivmodsi4.o)
 .text.libgcc.fmul
                0x00000000        0x0 c:/program files (x86)/atmel/studio/7.0/toolchain/avr8/avr8-gnu-toolchain/bin/../lib/gcc/avr/5.4.0/avr51\libgcc.a(_udivmodsi4.o)
 .text.libgcc.fixed
                0x00000000        0x0 c:/program files (x86)/atmel/studio/7.0/toolchain/avr8/avr8-gnu-toolchain/bin/../lib/gcc/avr/5.4.0/avr51\libgcc.a(_udivmodsi4.o)
 .text          0x00000000        0x0 c:/program files (x86)/atmel/studio/7.0/toolchain/avr8/avr8-gnu-toolchain/bin/../lib/gcc/avr/5.4.0/avr51\libgcc.a(_exit.o)
 .data          0x00000000        0x0 c:/program files (x86)/atmel/studio/7.0/toolchain/avr8/avr8-gnu-toolchain/bin/../lib/gcc/avr/5.4.0/avr51\libgcc.a(_exit.o)
 .bss           0x00000000        0x0 c:/program files (x86)/atmel/studio/7.0/toolchain/avr8/avr8-gnu-toolchain/bin/../lib/gcc/avr/5.4.0/avr51\libgcc.a(_exit.o)
 .text.libgcc.mul
                0x00000000        0x0 c:/program files (x86)/atmel/studio/7.0/toolchain/avr8/avr8-gnu-toolchain/bin/../lib/gcc/avr/5.4.0/avr51\libgcc.a(_exit.o)
 .text.libgcc.div
                0x00000000        0x0 c:/program files (x86)/atmel/studio/7.0/toolchain/avr8/avr8-gnu-toolchain/bin/../lib/gcc/avr/5.4.0/avr51\libgcc.a(_exit.o)
 .text.libgcc   0x00000000        0x0 c:/program files (x86)/atmel/studio/7.0/toolchain/avr8/avr8-gnu-toolchain/bin/../lib/gcc/avr/5.4.0/avr51\libgcc.a(_exit.o)
 .text.libgcc.prologue
                0x00000000        0x0 c:/program files (x86)/atmel/studio/7.0/toolchain/avr8/avr8-gnu-toolchain/bin/../lib/gcc/avr/5.4.0/avr51\libgcc.a(_exit.o)
 .text.libgcc.builtins
                0x00000000        0x0 c:/program files (x86)/atmel/studio/7.0/toolchain/avr8/avr8-gnu-toolchain/bin/../lib/gcc/avr/5.4.0/avr51\libgcc.a(_exit.o)
 .text.libgcc.fmul
                0x00000000        0x0 c:/program files (x86)/atmel/studio/7.0/toolchain/avr8/avr8-gnu-toolchain/bin/../lib/gcc/avr/5.4.0/avr51\libgcc.a(_exit.o)
 .text.libgcc.fixed
                0x00000000        0x0 c:/program files (x86)/atmel/studio/7.0/toolchain/avr8/avr8-gnu-toolchain/bin/../lib/gcc/avr/5.4.0/avr51\libgcc.a(_exit.o)
 .text          0x00000000        0x0 c:/program files (x86)/atmel/studio/7.0/toolchain/avr8/avr8-gnu-toolchain/bin/../lib/gcc/avr/5.4.0/avr51\libgcc.a(_tablejump2.o)
 .data          0x00000000        0x0 c:/program files (x86)/atmel/studio/7.0/toolchain/avr8/avr8-gnu-toolchain/bin/../lib/gcc/avr/5.4.0/avr51\libgcc.a(_tablejump2.o)
 .bss           0x00000000        0x0 c:/program files (x86)/atmel/studio/7.0/toolchain/avr8/avr8-gnu-toolchain/bin/../lib/gcc/avr/5.4.0/avr51\libgcc.a(_tablejump2.o)
 .text.libgcc.mul
                0x00000000        0x0 c:/program files (x86)/atmel/studio/7.0/toolchain/avr8/avr8-gnu-toolchain/bin/../lib/gcc/avr/5.4.0/avr51\libgcc.a(_tablejump2.o)
 .text.libgcc.div
                0x00000000        0x0 c:/program files (x86)/atmel/studio/7.0/toolchain/avr8/avr8-gnu-toolchain/bin/../lib/gcc/avr/5.4.0/avr51\libgcc.a(_tablejump2.o)
 .text.libgcc.prologue
                0x00000000        0x0 c:/program files (x86)/atmel/studio/7.0/toolchain/avr8/avr8-gnu-toolchain/bin/../lib/gcc/avr/5.4.0/avr51\libgcc.a(_tablejump2.o)
 .text.libgcc.builtins
                0x00000000        0x0 c:/program files (x86)/atmel/studio/7.0/toolchain/avr8/avr8-gnu-toolchain/bin/../lib/gcc/avr/5.4.0/avr51\libgcc.a(_tablejump2.o)
 .text.libgcc.fmul
                0x00000000        0x0 c:/program files (x86)/atmel/studio/7.0/toolchain/avr8/avr8-gnu-toolchain/bin/../lib/gcc/avr/5.4.0/avr51\libgcc.a(_tablejump2.o)
 .text.libgcc.fixed
                0x00000000        0x0 c:/program files (x86)/atmel/studio/7.0/toolchain/avr8/avr8-gnu-toolchain/bin/../lib/gcc/avr/5.4.0/avr51\libgcc.a(_tablejump2.o)
 .text          0x00000000        0x0 c:/program files (x86)/atmel/studio/7.0/toolchain/avr8/avr8-gnu-toolchain/bin/../lib/gcc/avr/5.4.0/avr51\libgcc.a(_copy_data.o)
 .data          0x00000000        0x0 c:/program files (x86)/atmel/studio/7.0/toolchain/avr8/avr8-gnu-toolchain/bin/../lib/gcc/avr/5.4.0/avr51\libgcc.a(_copy_data.o)
 .bss           0x00000000        0x0 c:/program files (x86)/atmel/studio/7.0/toolchain/avr8/avr8-gnu-toolchain/bin/../lib/gcc/avr/5.4.0/avr51\libgcc.a(_copy_data.o)
 .text.libgcc.mul
                0x00000000        0x0 c:/program files (x86)/atmel/studio/7.0/toolchain/avr8/avr8-gnu-toolchain/bin/../lib/gcc/avr/5.4.0/avr51\libgcc.a(_copy_data.o)
 .text.libgcc.div
                0x00000000        0x0 c:/program files (x86)/atmel/studio/7.0/toolchain/avr8/avr8-gnu-toolchain/bin/../lib/gcc/avr/5.4.0/avr51\libgcc.a(_copy_data.o)
 .text.libgcc   0x00000000        0x0 c:/program files (x86)/atmel/studio/7.0/toolchain/avr8/avr8-gnu-toolchain/bin/../lib/gcc/avr/5.4.0/avr51\libgcc.a(_copy_data.o)
 .text.libgcc.prologue
                0x00000000        0x0 c:/program files (x86)/atmel/studio/7.0/toolchain/avr8/avr8-gnu-toolchain/bin/../lib/gcc/avr/5.4.0/avr51\libgcc.a(_copy_data.o)
 .text.libgcc.builtins
                0x00000000        0x0 c:/program files (x86)/atmel/studio/7.0/toolchain/avr8/avr8-gnu-toolchain/bin/../lib/gcc/avr/5.4.0/avr51\libgcc.a(_copy_data.o)
 .text.libgcc.fmul
                0x00000000        0x0 c:/program files (x86)/atmel/studio/7.0/toolchain/avr8/avr8-gnu-toolchain/bin/../lib/gcc/avr/5.4.0/avr51\libgcc.a(_copy_data.o)
 .text.libgcc.fixed
                0x00000000        0x0 c:/program files (x86)/atmel/studio/7.0/toolchain/avr8/avr8-gnu-toolchain/bin/../lib/gcc/avr/5.4.0/avr51\libgcc.a(_copy_data.o)
 .text          0x00000000        0x0 c:/program files (x86)/atmel/studio/7.0/toolchain/avr8/avr8-gnu-toolchain/bin/../lib/gcc/avr/5.4.0/avr51\libgcc.a(_clear_bss.o)
 .data          0x00000000        0x0 c:/program files (x86)/atmel/studio/7.0/toolchain/avr8/avr8-gnu-toolchain/bin/../lib/gcc/avr/5.4.0/avr51\libgcc.a(_clear_bss.o)
 .bss           0x00000000        0x0 c:/program files (x86)/atmel/studio/7.0/toolchain/avr8/avr8-gnu-toolchain/bin/../lib/gcc/avr/5.4.0/avr51\libgcc.a(_clear_bss.o)
 .text.libgcc.mul
                0x00000000        0x0 c:/program files (x86)/atmel/studio/7.0/toolchain/avr8/avr8-gnu-toolchain/bin/../lib/gcc/avr/5.4.0/avr51\libgcc.a(_clear_bss.o)
 .text.libgcc.div
                0x00000000        0x0 c:/program files (x86)/atmel/studio/7.0/toolchain/avr8/avr8-gnu-toolchain/bin/../lib/gcc/avr/5.4.0/avr51\libgcc.a(_clear_bss.o)
 .text.libgcc   0x00000000        0x0 c:/program files (x86)/atmel/studio/7.0/toolchain/avr8/avr8-gnu-toolchain/bin/../lib/gcc/avr/5.4.0/avr51\libgcc.a(_clear_bss.o)
 .text.libgcc.prologue
                0x00000000        0x0 c:/program files (x86)/atmel/studio/7.0/toolchain/avr8/avr8-gnu-toolchain/bin/../lib/gcc/avr/5.4.0/avr51\libgcc.a(_clear_bss.o)
 .text.libgcc.builtins
                0x00000000        0x0 c:/program files (x86)/atmel/studio/7.0/toolchain/avr8/avr8-gnu-toolchain/bin/../lib/gcc/avr/5.4.0/avr51\libgcc.a(_clear_bss.o)
 .text.libgcc.fmul
                0x00000000        0x0 c:/program files (x86)/atmel/studio/7.0/toolchain/avr8/avr8-gnu-toolchain/bin/../lib/gcc/avr/5.4.0/avr51\libgcc.a(_clear_bss.o)
 .text.libgcc.fixed
                0x00000000        0x0 c:/program files (x86)/atmel/studio/7.0/toolchain/avr8/avr8-gnu-toolchain/bin/../lib/gcc/avr/5.4.0/avr51\libgcc.a(_clear_bss.o)
 .text          0x00000000        0x0 c:/program files (x86)/atmel/studio/7.0/toolchain/avr8/avr8-gnu-toolchain/bin/../lib/gcc/avr/5.4.0/avr51\libgcc.a(_umulhisi3.o)
 .data          0x00000000        0x0 c:/program files (x86)/atmel/studio/7.0/toolchain/avr8/avr8-gnu-toolchain/bin/../lib/gcc/avr/5.4.0/avr51\libgcc.a(_umulhisi3.o)
 .bss           0x00000000        0x0 c:/program files (x86)/atmel/studio/7.0/toolchain/avr8/avr8-gnu-toolchain/bin/../lib/gcc/avr/5.4.0/avr51\libgcc.a(_umulhisi3.o)
 .text.libgcc.div
                0x00000000        0x0 c:/program files (x86)/atmel/studio/7.0/toolchain/avr8/avr8-gnu-toolchain/bin/../lib/gcc/avr/5.4.0/avr51\libgcc.a(_umulhisi3.o)
 .text.libgcc   0x00000000        0x0 c:/program files (x86)/atmel/studio/7.0/toolchain/avr8/avr8-gnu-toolchain/bin/../lib/gcc/avr/5.4.0/avr51\libgcc.a(_umulhisi3.o)
 .text.libgcc.prologue
                0x00000000        0x0 c:/program files (x86)/atmel/studio/7.0/toolchain/avr8/avr8-gnu-toolchain/bin/../lib/gcc/avr/5.4.0/avr51\libgcc.a(_umulhisi3.o)
 .text.libgcc.builtins
                0x00000000        0x0 c:/program files (x86)/atmel/studio/7.0/toolchain/avr8/avr8-gnu-toolchain/bin/../lib/gcc/avr/5.4.0/avr51\libgcc.a(_umulhisi3.o)
 .text.libgcc.fmul
                0x00000000        0x0 c:/program files (x86)/atmel/studio/7.0/toolchain/avr8/avr8-gnu-toolchain/bin/../lib/gcc/avr/5.4.0/avr51\libgcc.a(_umulhisi3.o)
 .text.libgcc.fixed
                0x00000000        0x0 c:/program files (x86)/atmel/studio/7.0/toolchain/avr8/avr8-gnu-toolchain/bin/../lib/gcc/avr/5.4.0/avr51\libgcc.a(_umulhisi3.o)
 .text          0x00000000        0x0 c:/program files (x86)/atmel/studio/7.0/toolchain/avr8/avr8-gnu-toolchain/bin/../lib/gcc/avr/5.4.0/../../../../avr/lib/avr51\libc.a(memcmp.o)
 .data          0x00000000        0x0 c:/program files (x86)/atmel/studio/7.0/toolchain/avr8/avr8-gnu-toolchain/bin/../lib/gcc/avr/5.4.0/../../../../avr/lib/avr51\libc.a(memcmp.o)
 .bss           0x00000000        0x0 c:/program files (x86)/atmel/studio/7.0/toolchain/avr8/avr8-gnu-toolchain/bin/../lib/gcc/avr/5.4.0/../../../../avr/lib/avr51\libc.a(memcmp.o)
 .text          0x00000000        0x0 c:/program files (x86)/atmel/studio/7.0/toolchain/avr8/avr8-gnu-toolchain/bin/../lib/gcc/avr/5.4.0/../../../../avr/lib/avr51\libc.a(strcpy.o)
 .data          0x00000000        0x0 c:/program files (x86)/atmel/studio/7.0/toolchain/avr8/avr8-gnu-toolchain/bin/../lib/gcc/avr/5.4.0/../../../../avr/lib/avr51\libc.a(strcpy.o)
 .bss           0x00000000        0x0 c:/program files (x86)/atmel/studio/7.0/toolchain/avr8/avr8-gnu-toolchain/bin/../lib/gcc/avr/5.4.0/../../../../avr/lib/avr51\libc.a(strcpy.o)
 .text          0x00000000        0x0 c:/program files (x86)/atmel/studio/7.0/toolchain/avr8/avr8-gnu-toolchain/bin/../lib/gcc/avr/5.4.0/../../../../avr/lib/avr51\libc.a(strncmp.o)
 .data          0x00000000        0x0 c:/program files (x86)/atmel/studio/7.0/toolchain/avr8/avr8-gnu-toolchain/bin/../lib/gcc/avr/5.4.0/../../../../avr/lib/avr51\libc.a(strncmp.o)
 .bss           0x00000000        0x0 c:/program files (x86)/atmel/studio/7.0/toolchain/avr8/avr8-gnu-toolchain/bin/../lib/gcc/avr/5.4.0/../../../../avr/lib/avr51\libc.a(strncmp.o)

Memory Configuration

Name             Origin             Length             Attributes
text             0x00000000         0x00020000         xr
data             0x00800100         0x00001000         rw !x
eeprom           0x00810000         0x00001000         rw !x
fuse             0x00820000         0x00000003         rw !x
lock             0x00830000         0x00000400         rw !x
signature        0x00840000         0x00000400         rw !x
user_signatures  0x00850000         0x00000400         rw !x
*default*        0x00000000         0xffffffff

Linker script and memory map

Address of section .data set to 0x800100
LOAD C:/Program Files (x86)/Atmel/Studio/7.0/Packs/atmel/ATmega_DFP/1.7.374/gcc/dev/atmega128a/avr51/crtatmega128a.o
LOAD adc/adc.o
LOAD autoDrive/autoDrive.o
LOAD bluetooth/bluetooth.o
LOAD button/button.o
LOAD buzzer/buzzer.o
LOAD display/add/add.o
LOAD display/cardDB/cardDB.o
LOAD display/delete/delete.o
LOAD display/distance/distance.o
LOAD display/request/request.o
LOAD display/response/response.o
LOAD display/verifyState/verifyState.o
LOAD display/verify/verify.o
LOAD lcd/i2c.o
LOAD lcd/lcd.o
LOAD led/led.o
LOAD main.o
LOAD mfrc522/device/mfrc522.o
LOAD mfrc522/spi/spi.o
LOAD motor/motor.o
LOAD timer/timer.o
LOAD timetick/timetick.o
LOAD ultrasonic/ultrasonic.o
START GROUP
LOAD c:/program files (x86)/atmel/studio/7.0/toolchain/avr8/avr8-gnu-toolchain/bin/../lib/gcc/avr/5.4.0/../../../../avr/lib/avr51\libm.a
END GROUP
START GROUP
LOAD c:/program files (x86)/atmel/studio/7.0/toolchain/avr8/avr8-gnu-toolchain/bin/../lib/gcc/avr/5.4.0/avr51\libgcc.a
LOAD c:/program files (x86)/atmel/studio/7.0/toolchain/avr8/avr8-gnu-toolchain/bin/../lib/gcc/avr/5.4.0/../../../../avr/lib/avr51\libm.a
LOAD c:/program files (x86)/atmel/studio/7.0/toolchain/avr8/avr8-gnu-toolchain/bin/../lib/gcc/avr/5.4.0/../../../../avr/lib/avr51\libc.a
LOAD C:/Program Files (x86)/Atmel/Studio/7.0/Packs/atmel/ATmega_DFP/1.7.374/gcc/dev/atmega128a/avr51\libatmega128a.a
END GROUP
                [0x00000000]                __TEXT_REGION_ORIGIN__ = DEFINED (__TEXT_REGION_ORIGIN__)?__TEXT_REGION_ORIGIN__:0x0
                [0x00800100]                __DATA_REGION_ORIGIN__ = DEFINED (__DATA_REGION_ORIGIN__)?__DATA_REGION_ORIGIN__:0x800100
                [0x00020000]                __TEXT_REGION_LENGTH__ = DEFINED (__TEXT_REGION_LENGTH__)?__TEXT_REGION_LENGTH__:0x20000
                [0x00001000]                __DATA_REGION_LENGTH__ = DEFINED (__DATA_REGION_LENGTH__)?__DATA_REGION_LENGTH__:0xff00
                [0x00001000]                __EEPROM_REGION_LENGTH__ = DEFINED (__EEPROM_REGION_LENGTH__)?__EEPROM_REGION_LENGTH__:0x10000
                [0x00000003]                __FUSE_REGION_LENGTH__ = DEFINED (__FUSE_REGION_LENGTH__)?__FUSE_REGION_LENGTH__:0x400
                0x00000400                __LOCK_REGION_LENGTH__ = DEFINED (__LOCK_REGION_LENGTH__)?__LOCK_REGION_LENGTH__:0x400
                0x00000400                __SIGNATURE_REGION_LENGTH__ = DEFINED (__SIGNATURE_REGION_LENGTH__)?__SIGNATURE_REGION_LENGTH__:0x400
                0x00000400                __USER_SIGNATURE_REGION_LENGTH__ = DEFINED (__USER_SIGNATURE_REGION_LENGTH__)?__USER_SIGNATURE_REGION_LENGTH__:0x400

.hash
 *(.hash)

.dynsym
 *(.dynsym)

.dynstr
 *(.dynstr)

.gnu.version
 *(.gnu.version)

.gnu.version_d
 *(.gnu.version_d)

.gnu.version_r
 *(.gnu.version_r)

.rel.init
 *(.rel.init)

.rela.init
 *(.rela.init)

.rel.text
 *(.rel.text)
 *(.rel.text.*)
 *(.rel.gnu.linkonce.t*)

.rela.text
 *(.rela.text)
 *(.rela.text.*)
 *(.rela.gnu.linkonce.t*)

.rel.fini
 *(.rel.fini)

.rela.fini
 *(.rela.fini)

.rel.rodata
 *(.rel.rodata)
 *(.rel.rodata.*)
 *(.rel.gnu.linkonce.r*)

.rela.rodata
 *(.rela.rodata)
 *(.rela.rodata.*)
 *(.rela.gnu.linkonce.r*)

.rel.data
 *(.rel.data)
 *(.rel.data.*)
 *(.rel.gnu.linkonce.d*)

.rela.data
 *(.rela.data)
 *(.rela.data.*)
 *(.rela.gnu.linkonce.d*)

.rel.ctors
 *(.rel.ctors)

.rela.ctors
 *(.rela.ctors)

.rel.dtors
 *(.rel.dtors)

.rela.dtors
 *(.rela.dtors)

.rel.got
 *(.rel.got)

.rela.got
 *(.rela.got)

.rel.bss
 *(.rel.bss)

.rela.bss
 *(.rela.bss)

.rel.plt
 *(.rel.plt)

.rela.plt
 *(.rela.plt)

.text           0x00000000     0x1428
 *(.vectors)
 .vectors       0x00000000       0x8c C:/Program Files (x86)/Atmel/Studio/7.0/Packs/atmel/ATmega_DFP/1.7.374/gcc/dev/atmega128a/avr51/crtatmega128a.o
                0x00000000                __vector_default
                0x00000000                __vectors
 *(.vectors)
 *(.progmem.gcc*)
 .progmem.gcc_sw_table.motorControl
                0x0000008c       0x12 motor/motor.o
 .progmem.gcc_sw_table.AutoMotorControl
                0x0000009e       0x12 motor/motor.o
                0x000000b0                . = ALIGN (0x2)
                0x000000b0                __trampolines_start = .
 *(.trampolines)
 .trampolines   0x000000b0        0x0 linker stubs
 *(.trampolines*)
                0x000000b0                __trampolines_end = .
 *libprintf_flt.a:*(.progmem.data)
 *libc.a:*(.progmem.data)
 *(.progmem*)
                0x000000b0                . = ALIGN (0x2)
 *(.jumptables)
 *(.jumptables*)
 *(.lowtext)
 *(.lowtext*)
                0x000000b0                __ctors_start = .
 *(.ctors)
                0x000000b0                __ctors_end = .
                0x000000b0                __dtors_start = .
 *(.dtors)
                0x000000b0                __dtors_end = .
 SORT(*)(.ctors)
 SORT(*)(.dtors)
 *(.init0)
 .init0         0x000000b0        0x0 C:/Program Files (x86)/Atmel/Studio/7.0/Packs/atmel/ATmega_DFP/1.7.374/gcc/dev/atmega128a/avr51/crtatmega128a.o
                0x000000b0                __init
 *(.init0)
 *(.init1)
 *(.init1)
 *(.init2)
 .init2         0x000000b0        0xc C:/Program Files (x86)/Atmel/Studio/7.0/Packs/atmel/ATmega_DFP/1.7.374/gcc/dev/atmega128a/avr51/crtatmega128a.o
 *(.init2)
 *(.init3)
 *(.init3)
 *(.init4)
 .init4         0x000000bc       0x1a c:/program files (x86)/atmel/studio/7.0/toolchain/avr8/avr8-gnu-toolchain/bin/../lib/gcc/avr/5.4.0/avr51\libgcc.a(_copy_data.o)
                0x000000bc                __do_copy_data
 .init4         0x000000d6       0x10 c:/program files (x86)/atmel/studio/7.0/toolchain/avr8/avr8-gnu-toolchain/bin/../lib/gcc/avr/5.4.0/avr51\libgcc.a(_clear_bss.o)
                0x000000d6                __do_clear_bss
 *(.init4)
 *(.init5)
 *(.init5)
 *(.init6)
 *(.init6)
 *(.init7)
 *(.init7)
 *(.init8)
 *(.init8)
 *(.init9)
 .init9         0x000000e6        0x6 C:/Program Files (x86)/Atmel/Studio/7.0/Packs/atmel/ATmega_DFP/1.7.374/gcc/dev/atmega128a/avr51/crtatmega128a.o
 *(.init9)
 *(.text)
 .text          0x000000ec        0x2 C:/Program Files (x86)/Atmel/Studio/7.0/Packs/atmel/ATmega_DFP/1.7.374/gcc/dev/atmega128a/avr51/crtatmega128a.o
                0x000000ec                __vector_22
                0x000000ec                __vector_28
                0x000000ec                __vector_1
                0x000000ec                __vector_32
                0x000000ec                __vector_34
                0x000000ec                __vector_24
                0x000000ec                __vector_12
                0x000000ec                __bad_interrupt
                0x000000ec                __vector_31
                0x000000ec                __vector_3
                0x000000ec                __vector_23
                0x000000ec                __vector_25
                0x000000ec                __vector_11
                0x000000ec                __vector_13
                0x000000ec                __vector_17
                0x000000ec                __vector_19
                0x000000ec                __vector_7
                0x000000ec                __vector_27
                0x000000ec                __vector_5
                0x000000ec                __vector_33
                0x000000ec                __vector_4
                0x000000ec                __vector_9
                0x000000ec                __vector_2
                0x000000ec                __vector_21
                0x000000ec                __vector_29
                0x000000ec                __vector_8
                0x000000ec                __vector_26
                0x000000ec                __vector_14
                0x000000ec                __vector_16
                0x000000ec                __vector_18
                0x000000ec                __vector_20
                0x000000ee                . = ALIGN (0x2)
 *(.text.*)
 .text.adc_init
                0x000000ee        0xc adc/adc.o
                0x000000ee                adc_init
 .text.read_adc
                0x000000fa       0x10 adc/adc.o
                0x000000fa                read_adc
 .text.Adc_numDisplay
                0x0000010a       0x50 adc/adc.o
                0x0000010a                Adc_numDisplay
 .text.AutoDriving
                0x0000015a       0x74 autoDrive/autoDrive.o
                0x0000015a                AutoDriving
 .text.Bluetooth_init
                0x000001ce       0x24 bluetooth/bluetooth.o
                0x000001ce                Bluetooth_init
 .text.UARTputchar
                0x000001f2        0xe bluetooth/bluetooth.o
                0x000001f2                UARTputchar
 .text.UARTgetchar
                0x00000200        0xe bluetooth/bluetooth.o
                0x00000200                UARTgetchar
 .text.Button_init
                0x0000020e       0x28 button/button.o
                0x0000020e                Button_init
 .text.Button_getState
                0x00000236       0x5e button/button.o
                0x00000236                Button_getState
 .text.ExiButton_init
                0x00000294       0x14 button/button.o
                0x00000294                ExiButton_init
 .text.buzzer_init
                0x000002a8        0x4 buzzer/buzzer.o
                0x000002a8                buzzer_init
 .text.BuzzerOn
                0x000002ac        0x4 buzzer/buzzer.o
                0x000002ac                BuzzerOn
 .text.BuzzerOff
                0x000002b0        0x4 buzzer/buzzer.o
                0x000002b0                BuzzerOff
 .text.ResponseAdd_addCard
                0x000002b4        0xa display/add/add.o
                0x000002b4                ResponseAdd_addCard
 .text.CardDB_checkCardNumber
                0x000002be       0x5e display/cardDB/cardDB.o
                0x000002be                CardDB_checkCardNumber
 .text.CardDB_addCard
                0x0000031c       0x44 display/cardDB/cardDB.o
                0x0000031c                CardDB_addCard
 .text.CardDB_deleteCard
                0x00000360       0x98 display/cardDB/cardDB.o
                0x00000360                CardDB_deleteCard
 .text.ResponseDelete_deleteCard
                0x000003f8        0xa display/delete/delete.o
                0x000003f8                ResponseDelete_deleteCard
 .text.ultrasonic_numDisplay
                0x00000402       0x46 display/distance/distance.o
                0x00000402                ultrasonic_numDisplay
 .text.LeftDistanceLcd
                0x00000448       0x18 display/distance/distance.o
                0x00000448                LeftDistanceLcd
 .text.ForwardDistanceLcd
                0x00000460       0x18 display/distance/distance.o
                0x00000460                ForwardDistanceLcd
 .text.RightDistanceLcd
                0x00000478       0x18 display/distance/distance.o
                0x00000478                RightDistanceLcd
 .text.directionCheck
                0x00000490       0x18 display/distance/distance.o
                0x00000490                directionCheck
 .text.AllDistanceLcd
                0x000004a8       0x4c display/distance/distance.o
                0x000004a8                AllDistanceLcd
 .text.Request_init
                0x000004f4        0x2 display/request/request.o
                0x000004f4                Request_init
 .text.Request_setVerifyModeLCD
                0x000004f6       0x28 display/request/request.o
                0x000004f6                Request_setVerifyModeLCD
 .text.Request_setAddModeLCD
                0x0000051e       0x28 display/request/request.o
                0x0000051e                Request_setAddModeLCD
 .text.Request_setDeleteModeLCD
                0x00000546       0x28 display/request/request.o
                0x00000546                Request_setDeleteModeLCD
 .text.Request_excute
                0x0000056e       0x14 display/request/request.o
                0x0000056e                Request_excute
 .text.Request_setVerifyTrueLCD
                0x00000582       0x44 display/request/request.o
                0x00000582                Request_setVerifyTrueLCD
 .text.Request_setVerifyFalseLCD
                0x000005c6       0x44 display/request/request.o
                0x000005c6                Request_setVerifyFalseLCD
 .text.Request_setAddTrueLCD
                0x0000060a       0x44 display/request/request.o
                0x0000060a                Request_setAddTrueLCD
 .text.Request_setAddFalseLCD
                0x0000064e       0x44 display/request/request.o
                0x0000064e                Request_setAddFalseLCD
 .text.Request_setDeleteTrueLCD
                0x00000692       0x44 display/request/request.o
                0x00000692                Request_setDeleteTrueLCD
 .text.Request_setDeleteFalseLCD
                0x000006d6       0x44 display/request/request.o
                0x000006d6                Request_setDeleteFalseLCD
 .text.Response_init
                0x0000071a       0x12 display/response/response.o
                0x0000071a                Response_init
 .text.Response_checkButtonEvent
                0x0000072c       0x7e display/response/response.o
                0x0000072c                Response_checkButtonEvent
 .text.Response_checkRfidEvent
                0x000007aa       0x96 display/response/response.o
                0x000007aa                Response_checkRfidEvent
 .text.Response_checkEvent
                0x00000840        0x4 display/response/response.o
                0x00000840                Response_checkEvent
 .text.Control_checkButtonEvent
                0x00000844       0x6e display/response/response.o
                0x00000844                Control_checkButtonEvent
 .text.VerifyStateModel_setState
                0x000008b2        0x6 display/verifyState/verifyState.o
                0x000008b2                VerifyStateModel_setState
 .text.VerifyStateModel_getState
                0x000008b8        0x6 display/verifyState/verifyState.o
                0x000008b8                VerifyStateModel_getState
 .text.ResponseVerify_checkCardNumber
                0x000008be       0x18 display/verify/verify.o
                0x000008be                ResponseVerify_checkCardNumber
 .text.I2C_init
                0x000008d6       0x12 lcd/i2c.o
                0x000008d6                I2C_init
 .text.I2C_start
                0x000008e8       0x10 lcd/i2c.o
                0x000008e8                I2C_start
 .text.I2C_txData
                0x000008f8       0x14 lcd/i2c.o
                0x000008f8                I2C_txData
 .text.I2C_txByte
                0x0000090c       0x1e lcd/i2c.o
                0x0000090c                I2C_txByte
 .text.LCD_cmdMode
                0x0000092a        0xe lcd/lcd.o
                0x0000092a                LCD_cmdMode
 .text.LCD_dataMode
                0x00000938        0xe lcd/lcd.o
                0x00000938                LCD_dataMode
 .text.LCD_writeMode
                0x00000946        0xe lcd/lcd.o
                0x00000946                LCD_writeMode
 .text.LCD_enableHigh
                0x00000954       0x1c lcd/lcd.o
                0x00000954                LCD_enableHigh
 .text.LCD_enableLow
                0x00000970       0x1c lcd/lcd.o
                0x00000970                LCD_enableLow
 .text.LCD_writeNibble
                0x0000098c       0x1c lcd/lcd.o
                0x0000098c                LCD_writeNibble
 .text.LCD_writeByte
                0x000009a8       0x10 lcd/lcd.o
                0x000009a8                LCD_writeByte
 .text.LCD_writeCmdData
                0x000009b8        0xe lcd/lcd.o
                0x000009b8                LCD_writeCmdData
 .text.LCD_writeCharData
                0x000009c6        0xe lcd/lcd.o
                0x000009c6                LCD_writeCharData
 .text.LCD_displayClear
                0x000009d4        0x4 lcd/lcd.o
                0x000009d4                LCD_displayClear
 .text.LCD_writeString
                0x000009d8       0x16 lcd/lcd.o
                0x000009d8                LCD_writeString
 .text.LCD_gotoXY
                0x000009ee       0x12 lcd/lcd.o
                0x000009ee                LCD_gotoXY
 .text.LCD_writeStringXY
                0x00000a00       0x10 lcd/lcd.o
                0x00000a00                LCD_writeStringXY
 .text.LCD_backLightOn
                0x00000a10        0xe lcd/lcd.o
                0x00000a10                LCD_backLightOn
 .text.LCD_init
                0x00000a1e       0x50 lcd/lcd.o
                0x00000a1e                LCD_init
 .text.led_init
                0x00000a6e        0x8 led/led.o
                0x00000a6e                led_init
 .text.LedLightUp
                0x00000a76        0x8 led/led.o
                0x00000a76                LedLightUp
 .text.LedBrakeLightUp
                0x00000a7e       0x26 led/led.o
                0x00000a7e                LedBrakeLightUp
 .text.LedLightOff
                0x00000aa4        0x8 led/led.o
                0x00000aa4                LedLightOff
 .text.__vector_15
                0x00000aac       0x4e main.o
                0x00000aac                __vector_15
 .text.__vector_30
                0x00000afa       0x8e main.o
                0x00000afa                __vector_30
 .text.__vector_10
                0x00000b88       0x32 main.o
                0x00000b88                __vector_10
 .text.__vector_6
                0x00000bba       0x5c main.o
                0x00000bba                __vector_6
 .text.startup.main
                0x00000c16      0x156 main.o
                0x00000c16                main
 .text.mfrc522_write
                0x00000d6c       0x20 mfrc522/device/mfrc522.o
                0x00000d6c                mfrc522_write
 .text.mfrc522_read
                0x00000d8c       0x22 mfrc522/device/mfrc522.o
                0x00000d8c                mfrc522_read
 .text.mfrc522_reset
                0x00000dae        0x6 mfrc522/device/mfrc522.o
                0x00000dae                mfrc522_reset
 .text.mfrc522_init
                0x00000db4       0x3c mfrc522/device/mfrc522.o
                0x00000db4                mfrc522_init
 .text.mfrc522_to_card
                0x00000df0      0x1b2 mfrc522/device/mfrc522.o
                0x00000df0                mfrc522_to_card
 .text.mfrc522_request
                0x00000fa2       0x60 mfrc522/device/mfrc522.o
                0x00000fa2                mfrc522_request
 .text.mfrc522_get_card_serial
                0x00001002       0x6c mfrc522/device/mfrc522.o
                0x00001002                mfrc522_get_card_serial
 .text.spi_init
                0x0000106e       0x12 mfrc522/spi/spi.o
                0x0000106e                spi_init
 .text.spi_transmit
                0x00001080        0xa mfrc522/spi/spi.o
                0x00001080                spi_transmit
 .text.spi_selectSlave
                0x0000108a       0x16 mfrc522/spi/spi.o
                0x0000108a                spi_selectSlave
 .text.spi_deselectSlave
                0x000010a0       0x14 mfrc522/spi/spi.o
                0x000010a0                spi_deselectSlave
 .text.motor_init
                0x000010b4        0xe motor/motor.o
                0x000010b4                motor_init
 .text.motorControl
                0x000010c2       0x9c motor/motor.o
                0x000010c2                motorControl
 .text.AutoMotorControl
                0x0000115e       0xa2 motor/motor.o
                0x0000115e                AutoMotorControl
 .text.TIM0_init
                0x00001200       0x18 timer/timer.o
                0x00001200                TIM0_init
 .text.TIM1_init
                0x00001218        0x6 timer/timer.o
                0x00001218                TIM1_init
 .text.TIM2_init
                0x0000121e       0x12 timer/timer.o
                0x0000121e                TIM2_init
 .text.TIM2_Disable
                0x00001230        0xc timer/timer.o
                0x00001230                TIM2_Disable
 .text.TIM3_init
                0x0000123c       0x1a timer/timer.o
                0x0000123c                TIM3_init
 .text.incTick  0x00001256       0x28 timetick/timetick.o
                0x00001256                incTick
 .text.getTick  0x0000127e       0x12 timetick/timetick.o
                0x0000127e                getTick
 .text.ultrasonic_init
                0x00001290        0xc ultrasonic/ultrasonic.o
                0x00001290                ultrasonic_init
 .text.distanceCheck
                0x0000129c       0xa8 ultrasonic/ultrasonic.o
                0x0000129c                distanceCheck
 .text.libgcc.div
                0x00001344       0x28 c:/program files (x86)/atmel/studio/7.0/toolchain/avr8/avr8-gnu-toolchain/bin/../lib/gcc/avr/5.4.0/avr51\libgcc.a(_udivmodhi4.o)
                0x00001344                __udivmodhi4
 .text.libgcc.div
                0x0000136c       0x44 c:/program files (x86)/atmel/studio/7.0/toolchain/avr8/avr8-gnu-toolchain/bin/../lib/gcc/avr/5.4.0/avr51\libgcc.a(_udivmodsi4.o)
                0x0000136c                __udivmodsi4
 .text.libgcc   0x000013b0       0x12 c:/program files (x86)/atmel/studio/7.0/toolchain/avr8/avr8-gnu-toolchain/bin/../lib/gcc/avr/5.4.0/avr51\libgcc.a(_tablejump2.o)
                0x000013b0                __tablejump2__
 .text.libgcc.mul
                0x000013c2       0x1e c:/program files (x86)/atmel/studio/7.0/toolchain/avr8/avr8-gnu-toolchain/bin/../lib/gcc/avr/5.4.0/avr51\libgcc.a(_umulhisi3.o)
                0x000013c2                __umulhisi3
 .text.avr-libc
                0x000013e0       0x1a c:/program files (x86)/atmel/studio/7.0/toolchain/avr8/avr8-gnu-toolchain/bin/../lib/gcc/avr/5.4.0/../../../../avr/lib/avr51\libc.a(memcmp.o)
                0x000013e0                memcmp
 .text.avr-libc
                0x000013fa        0xe c:/program files (x86)/atmel/studio/7.0/toolchain/avr8/avr8-gnu-toolchain/bin/../lib/gcc/avr/5.4.0/../../../../avr/lib/avr51\libc.a(strcpy.o)
                0x000013fa                strcpy
 .text.avr-libc
                0x00001408       0x1c c:/program files (x86)/atmel/studio/7.0/toolchain/avr8/avr8-gnu-toolchain/bin/../lib/gcc/avr/5.4.0/../../../../avr/lib/avr51\libc.a(strncmp.o)
                0x00001408                strncmp
                0x00001424                . = ALIGN (0x2)
 *(.fini9)
 .fini9         0x00001424        0x0 c:/program files (x86)/atmel/studio/7.0/toolchain/avr8/avr8-gnu-toolchain/bin/../lib/gcc/avr/5.4.0/avr51\libgcc.a(_exit.o)
                0x00001424                _exit
                0x00001424                exit
 *(.fini9)
 *(.fini8)
 *(.fini8)
 *(.fini7)
 *(.fini7)
 *(.fini6)
 *(.fini6)
 *(.fini5)
 *(.fini5)
 *(.fini4)
 *(.fini4)
 *(.fini3)
 *(.fini3)
 *(.fini2)
 *(.fini2)
 *(.fini1)
 *(.fini1)
 *(.fini0)
 .fini0         0x00001424        0x4 c:/program files (x86)/atmel/studio/7.0/toolchain/avr8/avr8-gnu-toolchain/bin/../lib/gcc/avr/5.4.0/avr51\libgcc.a(_exit.o)
 *(.fini0)
                0x00001428                _etext = .

.data           0x00800100       0xfe load address 0x00001428
                0x00800100                PROVIDE (__data_start, .)
 *(.data)
 *(.data*)
 .data.blankBuff
                0x00800100       0x10 display/request/request.o
                0x00800100                blankBuff
 *(.gnu.linkonce.d*)
 *(.rodata)
 *(.rodata*)
 .rodata.str1.1
                0x00800110        0xc display/distance/distance.o
 .rodata.str1.1
                0x0080011c       0xcd display/request/request.o
                                 0xd2 (size before relaxing)
 .rodata.str1.1
                0x008001e9       0x15 main.o
                                 0x1f (size before relaxing)
 *(.gnu.linkonce.r*)
                0x008001fe                . = ALIGN (0x2)
                0x008001fe                _edata = .
                0x008001fe                PROVIDE (__data_end, .)

.bss            0x008001fe       0xb7
                0x008001fe                PROVIDE (__bss_start, .)
 *(.bss)
 *(.bss*)
 .bss.stopFlag  0x008001fe        0x1 autoDrive/autoDrive.o
                0x008001fe                stopFlag
 .bss.distanceStringValue
                0x008001ff        0x5 autoDrive/autoDrive.o
                0x008001ff                distanceStringValue
 .bss.VerifyCard
                0x00800204       0x65 display/cardDB/cardDB.o
                0x00800204                VerifyCard
 .bss.prevButtonTime.2016
                0x00800269        0x4 display/response/response.o
 .bss.prevRfidTime.2006
                0x0080026d        0x4 display/response/response.o
 .bss.prevButtonTime.1998
                0x00800271        0x4 display/response/response.o
 .bss.ControlCarState
                0x00800275        0x1 display/response/response.o
                0x00800275                ControlCarState
 .bss.VerifyStateData
                0x00800276        0x1 display/verifyState/verifyState.o
                0x00800276                VerifyStateData
 .bss.rfidState
                0x00800277        0x1 display/verify/verify.o
                0x00800277                rfidState
 .bss.lcdData   0x00800278        0x1 lcd/lcd.o
                0x00800278                lcdData
 .bss.adcInitState
                0x00800279        0x1 main.o
                0x00800279                adcInitState
 .bss.AlcoholStringValue
                0x0080027a        0x5 main.o
                0x0080027a                AlcoholStringValue
 .bss.timeTick  0x0080027f        0x4 timetick/timetick.o
                0x0080027f                timeTick
 *(COMMON)
 COMMON         0x00800283        0x6 autoDrive/autoDrive.o
                0x00800283                cm
 COMMON         0x00800289       0x1e display/request/request.o
                0x00800289                strBuff
 COMMON         0x008002a7        0x6 display/response/response.o
                0x008002a7                btnMode
 COMMON         0x008002ad        0x8 main.o
                0x008002ad                Tim2_counter
                0x008002af                AlcoholFlag
                0x008002b0                AutoDrivingMode
                0x008002b1                AlcoholValue
                0x008002b3                runningMode
                0x008002b4                RfidFlag
                0x008002b5                PROVIDE (__bss_end, .)
                0x00001428                __data_load_start = LOADADDR (.data)
                0x00001526                __data_load_end = (__data_load_start + SIZEOF (.data))

.noinit         0x008002b5        0x0
                [!provide]                PROVIDE (__noinit_start, .)
 *(.noinit*)
                [!provide]                PROVIDE (__noinit_end, .)
                0x008002b5                _end = .
                [!provide]                PROVIDE (__heap_start, .)

.eeprom         0x00810000        0x0
 *(.eeprom*)
                0x00810000                __eeprom_end = .

.fuse
 *(.fuse)
 *(.lfuse)
 *(.hfuse)
 *(.efuse)

.lock
 *(.lock*)

.signature
 *(.signature*)

.user_signatures
 *(.user_signatures*)

.stab
 *(.stab)

.stabstr
 *(.stabstr)

.stab.excl
 *(.stab.excl)

.stab.exclstr
 *(.stab.exclstr)

.stab.index
 *(.stab.index)

.stab.indexstr
 *(.stab.indexstr)

.comment        0x00000000       0x30
 *(.comment)
 .comment       0x00000000       0x30 adc/adc.o
                                 0x31 (size before relaxing)
 .comment       0x00000030       0x31 autoDrive/autoDrive.o
 .comment       0x00000030       0x31 bluetooth/bluetooth.o
 .comment       0x00000030       0x31 button/button.o
 .comment       0x00000030       0x31 buzzer/buzzer.o
 .comment       0x00000030       0x31 display/add/add.o
 .comment       0x00000030       0x31 display/cardDB/cardDB.o
 .comment       0x00000030       0x31 display/delete/delete.o
 .comment       0x00000030       0x31 display/distance/distance.o
 .comment       0x00000030       0x31 display/request/request.o
 .comment       0x00000030       0x31 display/response/response.o
 .comment       0x00000030       0x31 display/verifyState/verifyState.o
 .comment       0x00000030       0x31 display/verify/verify.o
 .comment       0x00000030       0x31 lcd/i2c.o
 .comment       0x00000030       0x31 lcd/lcd.o
 .comment       0x00000030       0x31 led/led.o
 .comment       0x00000030       0x31 main.o
 .comment       0x00000030       0x31 mfrc522/device/mfrc522.o
 .comment       0x00000030       0x31 mfrc522/spi/spi.o
 .comment       0x00000030       0x31 motor/motor.o
 .comment       0x00000030       0x31 timer/timer.o
 .comment       0x00000030       0x31 timetick/timetick.o
 .comment       0x00000030       0x31 ultrasonic/ultrasonic.o

.note.gnu.avr.deviceinfo
                0x00000000       0x40
 .note.gnu.avr.deviceinfo
                0x00000000       0x40 C:/Program Files (x86)/Atmel/Studio/7.0/Packs/atmel/ATmega_DFP/1.7.374/gcc/dev/atmega128a/avr51/crtatmega128a.o

.note.gnu.build-id
 *(.note.gnu.build-id)

.debug
 *(.debug)

.line
 *(.line)

.debug_srcinfo
 *(.debug_srcinfo)

.debug_sfnames
 *(.debug_sfnames)

.debug_aranges
 *(.debug_aranges)

.debug_pubnames
 *(.debug_pubnames)

.debug_info     0x00000000      0x780
 *(.debug_info .gnu.linkonce.wi.*)
 .debug_info    0x00000000      0x780 C:/Program Files (x86)/Atmel/Studio/7.0/Packs/atmel/ATmega_DFP/1.7.374/gcc/dev/atmega128a/avr51/crtatmega128a.o

.debug_abbrev   0x00000000      0x718
 *(.debug_abbrev)
 .debug_abbrev  0x00000000      0x718 C:/Program Files (x86)/Atmel/Studio/7.0/Packs/atmel/ATmega_DFP/1.7.374/gcc/dev/atmega128a/avr51/crtatmega128a.o

.debug_line     0x00000000      0x16a
 *(.debug_line .debug_line.* .debug_line_end)
 .debug_line    0x00000000      0x16a C:/Program Files (x86)/Atmel/Studio/7.0/Packs/atmel/ATmega_DFP/1.7.374/gcc/dev/atmega128a/avr51/crtatmega128a.o

.debug_frame
 *(.debug_frame)

.debug_str      0x00000000      0x27d
 *(.debug_str)
 .debug_str     0x00000000      0x27d C:/Program Files (x86)/Atmel/Studio/7.0/Packs/atmel/ATmega_DFP/1.7.374/gcc/dev/atmega128a/avr51/crtatmega128a.o

.debug_loc
 *(.debug_loc)

.debug_macinfo
 *(.debug_macinfo)

.debug_weaknames
 *(.debug_weaknames)

.debug_funcnames
 *(.debug_funcnames)

.debug_typenames
 *(.debug_typenames)

.debug_varnames
 *(.debug_varnames)

.debug_pubtypes
 *(.debug_pubtypes)

.debug_ranges
 *(.debug_ranges)

.debug_macro
 *(.debug_macro)
OUTPUT(first.elf elf32-avr)
LOAD linker stubs
